[02:29:53] === overnight loop started — DEADLINE 2026-05-07T05:00:00 ===
[02:29:53]      time left: 150.1 min
[02:29:53] --- iter 1 starting (150.1 min left) ---
[02:29:53] [A] iter — seed=100
[02:31:20] [A] real-world acc = 100.0% (16/16)
[02:31:24] [A] new BEST -> copied to deliverables/
[02:31:24] [B] iter — tag=iter1_s200 steps=200,000
[02:36:38] [B] mean_reward = 5.277
[02:36:43] [B] new BEST -> deliverables/soldier.onnx
[02:36:43] --- iter 2 starting (143.3 min left) ---
[02:36:43] [A] iter — seed=101
[02:37:48] [A] real-world acc = 100.0% (16/16)
[02:37:51] [A] new BEST -> copied to deliverables/
[02:37:51] [B] iter — tag=iter2_s201 steps=200,000
[02:42:35] [B] mean_reward = 6.050
[02:42:40] [B] new BEST -> deliverables/soldier.onnx
[02:42:40] --- iter 3 starting (137.3 min left) ---
[02:42:40] [A] iter — seed=102
[02:43:45] [A] real-world acc = 100.0% (16/16)
[02:43:48] [A] new BEST -> copied to deliverables/
[02:43:48] [B] iter — tag=iter3_s202 steps=200,000
[02:48:28] [B] mean_reward = 5.798
[02:48:28] --- iter 4 starting (131.5 min left) ---
[02:48:28] [A] iter — seed=103
[02:49:30] [A] real-world acc = 100.0% (16/16)
[02:49:33] [A] new BEST -> copied to deliverables/
[02:49:33] [B] iter — tag=iter4_s203 steps=200,000
[02:54:15] [B] mean_reward = 5.660
[02:54:15] --- iter 5 starting (125.7 min left) ---
[02:54:15] [A] iter — seed=104
[02:55:17] [A] real-world acc = 100.0% (16/16)
[02:55:20] [A] new BEST -> copied to deliverables/
[02:55:20] [B] iter — tag=iter5_s204 steps=200,000
[03:00:00] [B] mean_reward = 5.986
[03:00:00] --- iter 6 starting (120.0 min left) ---
[03:00:00] [A] iter — seed=105
[03:01:00] [A] real-world acc = 100.0% (16/16)
[03:01:03] [A] new BEST -> copied to deliverables/
[03:01:03] [B] iter — tag=iter6_s205 steps=200,000
[03:05:46] [B] mean_reward = 5.576
[03:05:46] --- iter 7 starting (114.2 min left) ---
[03:05:46] [A] iter — seed=106
[03:06:46] [A] real-world acc = 100.0% (16/16)
[03:06:49] [A] new BEST -> copied to deliverables/
[03:06:49] [B] iter — tag=iter7_s206 steps=200,000
[03:11:31] [B] mean_reward = 5.799
[03:11:31] --- iter 8 starting (108.5 min left) ---
[03:11:31] [A] iter — seed=107
[03:12:31] [A] real-world acc = 100.0% (16/16)
[03:12:34] [A] new BEST -> copied to deliverables/
[03:12:34] [B] iter — tag=iter8_s207 steps=200,000
[03:17:27] [B] mean_reward = 6.126
[03:17:33] [B] new BEST -> deliverables/soldier.onnx
[03:17:33] --- iter 9 starting (102.4 min left) ---
[03:17:33] [A] iter — seed=108
[03:18:34] [A] real-world acc = 100.0% (16/16)
[03:18:37] [A] new BEST -> copied to deliverables/
[03:18:37] [B] iter — tag=iter9_s208 steps=200,000
[03:23:17] [B] mean_reward = 3.334
[03:23:17] --- iter 10 starting (96.7 min left) ---
[03:23:17] [A] iter — seed=109
[03:24:21] [A] real-world acc = 100.0% (16/16)
[03:24:23] [A] new BEST -> copied to deliverables/
[03:24:23] [B] iter — tag=iter10_s209 steps=200,000
[03:29:02] [B] mean_reward = 5.635
[03:29:02] --- iter 11 starting (91.0 min left) ---
[03:29:02] [A] iter — seed=110
[03:30:02] [A] real-world acc = 100.0% (16/16)
[03:30:05] [A] new BEST -> copied to deliverables/
[03:30:05] [B] iter — tag=iter11_s210 steps=200,000
[03:34:43] [B] mean_reward = 5.862
[03:34:43] --- iter 12 starting (85.3 min left) ---
[03:34:43] [A] iter — seed=111
[03:35:43] [A] real-world acc = 100.0% (16/16)
[03:35:46] [A] new BEST -> copied to deliverables/
[03:35:46] [B] iter — tag=iter12_s211 steps=200,000
[03:40:22] [B] mean_reward = 6.122
[03:40:22] --- iter 13 starting (79.6 min left) ---
[03:40:22] [A] iter — seed=112
[03:41:23] [A] real-world acc = 100.0% (16/16)
[03:41:26] [A] new BEST -> copied to deliverables/
[03:41:26] [B] iter — tag=iter13_s212 steps=200,000
[03:46:04] [B] mean_reward = 5.724
[03:46:04] --- iter 14 starting (73.9 min left) ---
[03:46:04] [A] iter — seed=113
[03:47:03] [A] real-world acc = 93.8% (15/16)
[03:47:03] [B] iter — tag=iter14_s213 steps=200,000
[03:51:41] [B] mean_reward = 5.993
[03:51:41] --- iter 15 starting (68.3 min left) ---
[03:51:41] [A] iter — seed=114
[03:52:44] [A] real-world acc = 100.0% (16/16)
[03:52:47] [A] new BEST -> copied to deliverables/
[03:52:47] [B] iter — tag=iter15_s214 steps=200,000
[03:57:28] [B] mean_reward = 5.643
[03:57:28] --- iter 16 starting (62.5 min left) ---
[03:57:28] [A] iter — seed=115
[03:58:28] [A] real-world acc = 100.0% (16/16)
[03:58:31] [A] new BEST -> copied to deliverables/
[03:58:31] [B] iter — tag=iter16_s215 steps=200,000
[04:03:10] [B] mean_reward = 6.061
[04:03:10] --- iter 17 starting (56.8 min left) ---
[04:03:10] [A] iter — seed=116
[04:04:11] [A] real-world acc = 100.0% (16/16)
[04:04:13] [A] new BEST -> copied to deliverables/
[04:04:13] [B] iter — tag=iter17_s216 steps=200,000
[04:08:52] [B] mean_reward = 5.599
[04:08:52] --- iter 18 starting (51.1 min left) ---
[04:08:52] [A] iter — seed=117
[04:09:52] [A] real-world acc = 100.0% (16/16)
[04:09:55] [A] new BEST -> copied to deliverables/
[04:09:55] [B] iter — tag=iter18_s217 steps=200,000
[04:14:34] [B] mean_reward = 5.590
[04:14:34] --- iter 19 starting (45.4 min left) ---
[04:14:34] [A] iter — seed=118
[04:15:36] [A] real-world acc = 100.0% (16/16)
[04:15:39] [A] new BEST -> copied to deliverables/
[04:15:39] [B] iter — tag=iter19_s218 steps=200,000
[04:20:20] [B] mean_reward = 6.014
[04:20:20] --- iter 20 starting (39.7 min left) ---
[04:20:20] [A] iter — seed=119
[04:21:22] [A] real-world acc = 100.0% (16/16)
[04:21:24] [A] new BEST -> copied to deliverables/
[04:21:24] [B] iter — tag=iter20_s219 steps=200,000
[04:26:07] [B] mean_reward = 5.883
[04:26:07] --- iter 21 starting (33.9 min left) ---
[04:26:07] [A] iter — seed=120
[04:27:08] [A] real-world acc = 100.0% (16/16)
[04:27:10] [A] new BEST -> copied to deliverables/
[04:27:10] [B] iter — tag=iter21_s220 steps=200,000
[04:31:52] [B] mean_reward = 5.533
[04:31:52] --- iter 22 starting (28.1 min left) ---
[04:31:52] [A] iter — seed=121
[04:32:52] [A] real-world acc = 100.0% (16/16)
[04:32:55] [A] new BEST -> copied to deliverables/
[04:32:55] [B] iter — tag=iter22_s221 steps=200,000
[04:37:40] [B] mean_reward = 5.890
[04:37:40] --- iter 23 starting (22.3 min left) ---
[04:37:40] [A] iter — seed=122
[04:38:41] [A] real-world acc = 100.0% (16/16)
[04:38:44] [A] new BEST -> copied to deliverables/
[04:38:44] [B] iter — tag=iter23_s222 steps=200,000
[04:43:26] [B] mean_reward = 6.010
[04:43:26] --- iter 24 starting (16.6 min left) ---
[04:43:26] [A] iter — seed=123
[04:44:27] [A] real-world acc = 100.0% (16/16)
[04:44:30] [A] new BEST -> copied to deliverables/
[04:44:30] [B] iter — tag=iter24_s223 steps=200,000
[04:49:13] [B] mean_reward = 5.649
[04:49:13] --- iter 25 starting (10.8 min left) ---
[04:49:13] [A] iter — seed=124
[04:50:14] [A] real-world acc = 100.0% (16/16)
[04:50:17] [A] new BEST -> copied to deliverables/
[04:50:17] [B] skipping (only 9.7 min left, need 12)
[04:50:17] --- iter 26 starting (9.7 min left) ---
[04:50:17] [A] iter — seed=125
[04:51:19] [A] real-world acc = 100.0% (16/16)
[04:51:22] [A] new BEST -> copied to deliverables/
[04:51:22] [B] skipping (only 8.6 min left, need 12)
[04:51:22] --- iter 27 starting (8.6 min left) ---
[04:51:22] [A] iter — seed=126
[04:52:26] [A] real-world acc = 100.0% (16/16)
[04:52:29] [A] new BEST -> copied to deliverables/
[04:52:29] [B] skipping (only 7.5 min left, need 12)
[04:52:29] --- iter 28 starting (7.5 min left) ---
[04:52:29] [A] iter — seed=127
[04:53:35] [A] real-world acc = 100.0% (16/16)
[04:53:38] [A] new BEST -> copied to deliverables/
[04:53:38] [B] skipping (only 6.4 min left, need 12)
[04:53:38] --- iter 29 starting (6.4 min left) ---
[04:53:38] [A] iter — seed=128
[04:54:52] [A] real-world acc = 100.0% (16/16)
[04:54:55] [A] new BEST -> copied to deliverables/
[04:54:55] [B] skipping (only 5.1 min left, need 12)
[04:54:55] --- iter 30 starting (5.1 min left) ---
[04:54:55] [A] iter — seed=129
[04:56:06] [A] real-world acc = 100.0% (16/16)
[04:56:09] [A] new BEST -> copied to deliverables/
[04:56:09] [B] skipping (only 3.8 min left, need 12)
[04:56:09] --- iter 31 starting (3.8 min left) ---
[04:56:09] [A] iter — seed=130
[04:57:10] [A] real-world acc = 100.0% (16/16)
[04:57:13] [A] new BEST -> copied to deliverables/
[04:57:13] [B] skipping (only 2.8 min left, need 12)
[04:57:13] --- iter 32 starting (2.8 min left) ---
[04:57:13] [B] skipping (only 2.8 min left, need 12)
[04:57:13] --- iter 33 starting (2.8 min left) ---
[04:57:13] [B] skipping (only 2.8 min left, need 12)
[04:57:13] --- iter 34 starting (2.8 min left) ---
[04:57:13] [B] skipping (only 2.8 min left, need 12)
[04:57:13] --- iter 35 starting (2.8 min left) ---
[04:57:13] [B] skipping (only 2.8 min left, need 12)
[04:57:13] --- iter 36 starting (2.8 min left) ---
[04:57:13] [B] skipping (only 2.8 min left, need 12)
[04:57:13] --- iter 37 starting (2.8 min left) ---
[04:57:13] [B] skipping (only 2.8 min left, need 12)
[04:57:13] --- iter 38 starting (2.8 min left) ---
[04:57:13] [B] skipping (only 2.8 min left, need 12)
[04:57:13] --- iter 39 starting (2.8 min left) ---
[04:57:13] [B] skipping (only 2.8 min left, need 12)
[04:57:13] --- iter 40 starting (2.8 min left) ---
[04:57:13] [B] skipping (only 2.8 min left, need 12)
[04:57:13] --- iter 41 starting (2.8 min left) ---
[04:57:13] [B] skipping (only 2.8 min left, need 12)
[04:57:13] --- iter 42 starting (2.8 min left) ---
[04:57:13] [B] skipping (only 2.8 min left, need 12)
[04:57:13] --- iter 43 starting (2.8 min left) ---
[04:57:13] [B] skipping (only 2.8 min left, need 12)
[04:57:13] --- iter 44 starting (2.8 min left) ---
[04:57:13] [B] skipping (only 2.8 min left, need 12)
[04:57:13] --- iter 45 starting (2.8 min left) ---
[04:57:13] [B] skipping (only 2.8 min left, need 12)
[04:57:13] --- iter 46 starting (2.8 min left) ---
[04:57:13] [B] skipping (only 2.8 min left, need 12)
[04:57:13] --- iter 47 starting (2.8 min left) ---
[04:57:13] [B] skipping (only 2.8 min left, need 12)
[04:57:13] --- iter 48 starting (2.8 min left) ---
[04:57:13] [B] skipping (only 2.8 min left, need 12)
[04:57:13] --- iter 49 starting (2.8 min left) ---
[04:57:13] [B] skipping (only 2.8 min left, need 12)
[04:57:13] --- iter 50 starting (2.8 min left) ---
[04:57:13] [B] skipping (only 2.8 min left, need 12)
[04:57:13] --- iter 51 starting (2.8 min left) ---
[04:57:13] [B] skipping (only 2.8 min left, need 12)
[04:57:13] --- iter 52 starting (2.8 min left) ---
[04:57:13] [B] skipping (only 2.8 min left, need 12)
[04:57:13] --- iter 53 starting (2.8 min left) ---
[04:57:13] [B] skipping (only 2.8 min left, need 12)
[04:57:13] --- iter 54 starting (2.8 min left) ---
[04:57:13] [B] skipping (only 2.8 min left, need 12)
[04:57:13] --- iter 55 starting (2.8 min left) ---
[04:57:13] [B] skipping (only 2.8 min left, need 12)
[04:57:13] --- iter 56 starting (2.8 min left) ---
[04:57:13] [B] skipping (only 2.8 min left, need 12)
[04:57:13] --- iter 57 starting (2.8 min left) ---
[04:57:13] [B] skipping (only 2.8 min left, need 12)
[04:57:13] --- iter 58 starting (2.8 min left) ---
[04:57:13] [B] skipping (only 2.8 min left, need 12)
[04:57:13] --- iter 59 starting (2.8 min left) ---
[04:57:13] [B] skipping (only 2.8 min left, need 12)
[04:57:13] --- iter 60 starting (2.8 min left) ---
[04:57:13] [B] skipping (only 2.8 min left, need 12)
[04:57:13] --- iter 61 starting (2.8 min left) ---
[04:57:13] [B] skipping (only 2.8 min left, need 12)
[04:57:13] --- iter 62 starting (2.8 min left) ---
[04:57:13] [B] skipping (only 2.8 min left, need 12)
[04:57:13] --- iter 63 starting (2.8 min left) ---
[04:57:13] [B] skipping (only 2.8 min left, need 12)
[04:57:13] --- iter 64 starting (2.8 min left) ---
[04:57:13] [B] skipping (only 2.8 min left, need 12)
[04:57:13] --- iter 65 starting (2.8 min left) ---
