[11:09:50] [M2] === overnight v3 M2 HEAVY loop started — DEADLINE 2026-05-07T19:00:00 ===
[11:09:50] [M2]      time left: 470.2 min
[11:09:50] [M2]      Phase A HEAVY: 25000/intent = 200k samples, archs ['lstm']
[11:09:50] [M2]      Phase B HEAVY: 2,000,000 steps × 4 HP configs cycled
[11:09:50] [M2]        h1_baseline: net=128,128 ent=0.01 lr=0.0003
[11:09:50] [M2]        h2_bigexplore: net=256,128 ent=0.02 lr=0.0003
[11:09:50] [M2]        h3_deepfocus: net=128,128,64 ent=0.005 lr=0.0001
[11:09:50] [M2]        h4_bigwide: net=256,256 ent=0.05 lr=0.0005
[11:09:50] [M2] --- iter 1 (470.2 min left) ---
[11:09:50] [M2] [A] iter — seed=5000 arch=lstm HEAVY target=25000/intent (200k total)
[11:19:07] [M2] === overnight v3 M2 HEAVY loop started — DEADLINE 2026-05-07T19:00:00 ===
[11:19:07] [M2]      time left: 460.9 min
[11:19:07] [M2]      Phase A HEAVY: 25000/intent = 200k samples, archs ['lstm']
[11:19:07] [M2]      Phase B HEAVY: 2,000,000 steps × 4 HP configs cycled
[11:19:07] [M2]        h1_baseline: net=128,128 ent=0.01 lr=0.0003
[11:19:07] [M2]        h2_bigexplore: net=256,128 ent=0.02 lr=0.0003
[11:19:07] [M2]        h3_deepfocus: net=128,128,64 ent=0.005 lr=0.0001
[11:19:07] [M2]        h4_bigwide: net=256,256 ent=0.05 lr=0.0005
[11:19:07] [M2] --- iter 1 (460.9 min left) ---
[11:19:07] [M2] [A] iter — seed=5000 arch=lstm HEAVY target=25000/intent (200k total)
[11:59:10] [M2] [A] train lstm failed rc=-1
[11:59:10] [M2] [B] iter — tag=m2_iter1_h1_baseline_s7000 steps=2,000,000 HP=[h1_baseline] net=128,128 ent=0.01 lr=0.0003
[12:41:45] [M2] [B] mean_reward = 6.236  (HP=h1_baseline)
[12:41:48] [M2] [B] new BEST -> deliverables_m2/soldier_m2.onnx (6.236, HP=h1_baseline)
[12:41:48] [M2] --- iter 2 (378.2 min left) ---
[12:41:48] [M2] [A] iter — seed=5001 arch=lstm HEAVY target=25000/intent (200k total)
[13:21:50] [M2] [A] train lstm failed rc=-1
[13:21:50] [M2] [B] iter — tag=m2_iter2_h2_bigexplore_s7001 steps=2,000,000 HP=[h2_bigexplore] net=256,128 ent=0.02 lr=0.0003
[14:01:47] [M2] [B] mean_reward = 5.675  (HP=h2_bigexplore)
[14:01:47] [M2] --- iter 3 (298.2 min left) ---
[14:01:47] [M2] [A] iter — seed=5002 arch=lstm HEAVY target=25000/intent (200k total)
[14:03:27] [M2] === overnight v3 M2 HEAVY loop started — DEADLINE 2026-05-07T19:00:00 ===
[14:03:27] [M2]      time left: 296.5 min
[14:03:27] [M2]      Phase A HEAVY: 25000/intent = 200k samples, archs []
[14:03:27] [M2]      Phase B HEAVY: 2,000,000 steps × 4 HP configs cycled
[14:03:27] [M2]        h1_baseline: net=128,128 ent=0.01 lr=0.0003
[14:03:27] [M2]        h2_bigexplore: net=256,128 ent=0.02 lr=0.0003
[14:03:27] [M2]        h3_deepfocus: net=128,128,64 ent=0.005 lr=0.0001
[14:03:27] [M2]        h4_bigwide: net=256,256 ent=0.05 lr=0.0005
[14:03:27] [M2] --- iter 3 (296.5 min left) ---
[14:03:27] [M2] [B] iter — tag=m2_iter3_h3_deepfocus_s7002 steps=2,000,000 HP=[h3_deepfocus] net=128,128,64 ent=0.005 lr=0.0001
[14:52:00] [M2] [B] mean_reward = 6.084  (HP=h3_deepfocus)
[14:52:00] [M2] --- iter 4 (248.0 min left) ---
[14:52:00] [M2] [B] iter — tag=m2_iter4_h4_bigwide_s7003 steps=2,000,000 HP=[h4_bigwide] net=256,256 ent=0.05 lr=0.0005
[15:40:27] [M2] [B] mean_reward = 5.252  (HP=h4_bigwide)
[15:40:27] [M2] --- iter 5 (199.5 min left) ---
[15:40:27] [M2] [B] iter — tag=m2_iter5_h1_baseline_s7004 steps=2,000,000 HP=[h1_baseline] net=128,128 ent=0.01 lr=0.0003
[16:24:58] [M2] [B] mean_reward = 5.892  (HP=h1_baseline)
[16:24:58] [M2] --- iter 6 (155.0 min left) ---
[16:24:58] [M2] [B] iter — tag=m2_iter6_h2_bigexplore_s7005 steps=2,000,000 HP=[h2_bigexplore] net=256,128 ent=0.02 lr=0.0003
[16:59:31] [M2] [B] mean_reward = 6.263  (HP=h2_bigexplore)
[16:59:35] [M2] [B] new BEST -> deliverables_m2/soldier_m2.onnx (6.263, HP=h2_bigexplore)
[16:59:35] [M2] --- iter 7 (120.4 min left) ---
[16:59:35] [M2] [B] iter — tag=m2_iter7_h3_deepfocus_s7006 steps=2,000,000 HP=[h3_deepfocus] net=128,128,64 ent=0.005 lr=0.0001
[18:01:06] [M2] [B] mean_reward = 6.572  (HP=h3_deepfocus)
[18:01:09] [M2] [B] new BEST -> deliverables_m2/soldier_m2.onnx (6.572, HP=h3_deepfocus)
[18:01:09] [M2] --- iter 8 (58.8 min left) ---
[18:01:09] [M2] [B] skipping (58.8 min < 70)
[18:01:09] [M2] [guard] no work — sleep 30s
[18:01:39] [M2] --- iter 9 (58.3 min left) ---
[18:01:39] [M2] [B] skipping (58.3 min < 70)
[18:01:39] [M2] [guard] no work — sleep 30s
[18:02:09] [M2] --- iter 10 (57.8 min left) ---
[18:02:09] [M2] [B] skipping (57.8 min < 70)
[18:02:09] [M2] [guard] no work — sleep 30s
[18:02:39] [M2] --- iter 11 (57.3 min left) ---
[18:02:39] [M2] [B] skipping (57.3 min < 70)
[18:02:39] [M2] [guard] no work — sleep 30s
[18:03:09] [M2] --- iter 12 (56.8 min left) ---
[18:03:09] [M2] [B] skipping (56.8 min < 70)
[18:03:09] [M2] [guard] no work — sleep 30s
[18:03:39] [M2] --- iter 13 (56.3 min left) ---
[18:03:39] [M2] [B] skipping (56.3 min < 70)
[18:03:39] [M2] [guard] no work — sleep 30s
[18:04:09] [M2] --- iter 14 (55.8 min left) ---
[18:04:09] [M2] [B] skipping (55.8 min < 70)
[18:04:09] [M2] [guard] no work — sleep 30s
[18:04:39] [M2] --- iter 15 (55.3 min left) ---
[18:04:39] [M2] [B] skipping (55.3 min < 70)
[18:04:39] [M2] [guard] no work — sleep 30s
[18:05:09] [M2] --- iter 16 (54.8 min left) ---
[18:05:09] [M2] [B] skipping (54.8 min < 70)
[18:05:09] [M2] [guard] no work — sleep 30s
[18:05:39] [M2] --- iter 17 (54.3 min left) ---
[18:05:39] [M2] [B] skipping (54.3 min < 70)
[18:05:39] [M2] [guard] no work — sleep 30s
[18:06:09] [M2] --- iter 18 (53.8 min left) ---
[18:06:09] [M2] [B] skipping (53.8 min < 70)
[18:06:09] [M2] [guard] no work — sleep 30s
[18:06:39] [M2] --- iter 19 (53.3 min left) ---
[18:06:39] [M2] [B] skipping (53.3 min < 70)
[18:06:39] [M2] [guard] no work — sleep 30s
[18:07:09] [M2] --- iter 20 (52.8 min left) ---
[18:07:09] [M2] [B] skipping (52.8 min < 70)
[18:07:09] [M2] [guard] no work — sleep 30s
[18:07:39] [M2] --- iter 21 (52.3 min left) ---
[18:07:39] [M2] [B] skipping (52.3 min < 70)
[18:07:39] [M2] [guard] no work — sleep 30s
[18:08:09] [M2] --- iter 22 (51.8 min left) ---
[18:08:09] [M2] [B] skipping (51.8 min < 70)
[18:08:09] [M2] [guard] no work — sleep 30s
[18:08:39] [M2] --- iter 23 (51.3 min left) ---
[18:08:39] [M2] [B] skipping (51.3 min < 70)
[18:08:39] [M2] [guard] no work — sleep 30s
[18:09:09] [M2] --- iter 24 (50.8 min left) ---
[18:09:09] [M2] [B] skipping (50.8 min < 70)
[18:09:09] [M2] [guard] no work — sleep 30s
[18:09:39] [M2] --- iter 25 (50.3 min left) ---
[18:09:39] [M2] [B] skipping (50.3 min < 70)
[18:09:39] [M2] [guard] no work — sleep 30s
[18:10:09] [M2] --- iter 26 (49.8 min left) ---
[18:10:09] [M2] [B] skipping (49.8 min < 70)
[18:10:09] [M2] [guard] no work — sleep 30s
[18:10:39] [M2] --- iter 27 (49.3 min left) ---
[18:10:39] [M2] [B] skipping (49.3 min < 70)
[18:10:39] [M2] [guard] no work — sleep 30s
[18:11:09] [M2] --- iter 28 (48.8 min left) ---
[18:11:09] [M2] [B] skipping (48.8 min < 70)
[18:11:09] [M2] [guard] no work — sleep 30s
[18:11:39] [M2] --- iter 29 (48.3 min left) ---
[18:11:39] [M2] [B] skipping (48.3 min < 70)
[18:11:39] [M2] [guard] no work — sleep 30s
[18:12:09] [M2] --- iter 30 (47.8 min left) ---
[18:12:09] [M2] [B] skipping (47.8 min < 70)
[18:12:09] [M2] [guard] no work — sleep 30s
[18:12:39] [M2] --- iter 31 (47.3 min left) ---
[18:12:39] [M2] [B] skipping (47.3 min < 70)
[18:12:39] [M2] [guard] no work — sleep 30s
[18:13:09] [M2] --- iter 32 (46.8 min left) ---
[18:13:09] [M2] [B] skipping (46.8 min < 70)
[18:13:09] [M2] [guard] no work — sleep 30s
[18:13:39] [M2] --- iter 33 (46.3 min left) ---
[18:13:39] [M2] [B] skipping (46.3 min < 70)
[18:13:39] [M2] [guard] no work — sleep 30s
[18:14:09] [M2] --- iter 34 (45.8 min left) ---
[18:14:09] [M2] [B] skipping (45.8 min < 70)
[18:14:09] [M2] [guard] no work — sleep 30s
[18:14:39] [M2] --- iter 35 (45.3 min left) ---
[18:14:39] [M2] [B] skipping (45.3 min < 70)
[18:14:39] [M2] [guard] no work — sleep 30s
[18:15:09] [M2] --- iter 36 (44.8 min left) ---
[18:15:09] [M2] [B] skipping (44.8 min < 70)
[18:15:09] [M2] [guard] no work — sleep 30s
[18:15:39] [M2] --- iter 37 (44.3 min left) ---
[18:15:39] [M2] [B] skipping (44.3 min < 70)
[18:15:39] [M2] [guard] no work — sleep 30s
[18:16:09] [M2] --- iter 38 (43.8 min left) ---
[18:16:09] [M2] [B] skipping (43.8 min < 70)
[18:16:09] [M2] [guard] no work — sleep 30s
[18:16:39] [M2] --- iter 39 (43.3 min left) ---
[18:16:39] [M2] [B] skipping (43.3 min < 70)
[18:16:39] [M2] [guard] no work — sleep 30s
[18:17:09] [M2] --- iter 40 (42.8 min left) ---
[18:17:09] [M2] [B] skipping (42.8 min < 70)
[18:17:09] [M2] [guard] no work — sleep 30s
[18:17:39] [M2] --- iter 41 (42.3 min left) ---
[18:17:39] [M2] [B] skipping (42.3 min < 70)
[18:17:39] [M2] [guard] no work — sleep 30s
[18:18:09] [M2] --- iter 42 (41.8 min left) ---
[18:18:09] [M2] [B] skipping (41.8 min < 70)
[18:18:09] [M2] [guard] no work — sleep 30s
[18:18:39] [M2] --- iter 43 (41.3 min left) ---
[18:18:39] [M2] [B] skipping (41.3 min < 70)
[18:18:39] [M2] [guard] no work — sleep 30s
[18:19:09] [M2] --- iter 44 (40.8 min left) ---
[18:19:09] [M2] [B] skipping (40.8 min < 70)
[18:19:09] [M2] [guard] no work — sleep 30s
[18:19:39] [M2] --- iter 45 (40.3 min left) ---
[18:19:39] [M2] [B] skipping (40.3 min < 70)
[18:19:39] [M2] [guard] no work — sleep 30s
[18:20:09] [M2] --- iter 46 (39.8 min left) ---
[18:20:09] [M2] [B] skipping (39.8 min < 70)
[18:20:09] [M2] [guard] no work — sleep 30s
[18:20:39] [M2] --- iter 47 (39.3 min left) ---
[18:20:39] [M2] [B] skipping (39.3 min < 70)
[18:20:39] [M2] [guard] no work — sleep 30s
[18:21:09] [M2] --- iter 48 (38.8 min left) ---
[18:21:09] [M2] [B] skipping (38.8 min < 70)
[18:21:09] [M2] [guard] no work — sleep 30s
[18:21:39] [M2] --- iter 49 (38.3 min left) ---
[18:21:39] [M2] [B] skipping (38.3 min < 70)
[18:21:39] [M2] [guard] no work — sleep 30s
[18:22:09] [M2] --- iter 50 (37.8 min left) ---
[18:22:09] [M2] [B] skipping (37.8 min < 70)
[18:22:09] [M2] [guard] no work — sleep 30s
[18:22:39] [M2] --- iter 51 (37.3 min left) ---
[18:22:39] [M2] [B] skipping (37.3 min < 70)
[18:22:39] [M2] [guard] no work — sleep 30s
[18:23:09] [M2] --- iter 52 (36.8 min left) ---
[18:23:09] [M2] [B] skipping (36.8 min < 70)
[18:23:09] [M2] [guard] no work — sleep 30s
[18:23:39] [M2] --- iter 53 (36.3 min left) ---
[18:23:39] [M2] [B] skipping (36.3 min < 70)
[18:23:39] [M2] [guard] no work — sleep 30s
[18:24:09] [M2] --- iter 54 (35.8 min left) ---
[18:24:09] [M2] [B] skipping (35.8 min < 70)
[18:24:09] [M2] [guard] no work — sleep 30s
[18:24:39] [M2] --- iter 55 (35.3 min left) ---
[18:24:39] [M2] [B] skipping (35.3 min < 70)
[18:24:39] [M2] [guard] no work — sleep 30s
[18:25:09] [M2] --- iter 56 (34.8 min left) ---
[18:25:09] [M2] [B] skipping (34.8 min < 70)
[18:25:09] [M2] [guard] no work — sleep 30s
[18:25:39] [M2] --- iter 57 (34.3 min left) ---
[18:25:39] [M2] [B] skipping (34.3 min < 70)
[18:25:39] [M2] [guard] no work — sleep 30s
[18:26:09] [M2] --- iter 58 (33.8 min left) ---
[18:26:09] [M2] [B] skipping (33.8 min < 70)
[18:26:09] [M2] [guard] no work — sleep 30s
[18:26:39] [M2] --- iter 59 (33.3 min left) ---
[18:26:39] [M2] [B] skipping (33.3 min < 70)
[18:26:39] [M2] [guard] no work — sleep 30s
[18:27:09] [M2] --- iter 60 (32.8 min left) ---
[18:27:09] [M2] [B] skipping (32.8 min < 70)
[18:27:09] [M2] [guard] no work — sleep 30s
[18:27:39] [M2] --- iter 61 (32.3 min left) ---
[18:27:39] [M2] [B] skipping (32.3 min < 70)
[18:27:39] [M2] [guard] no work — sleep 30s
[18:28:09] [M2] --- iter 62 (31.8 min left) ---
[18:28:09] [M2] [B] skipping (31.8 min < 70)
[18:28:09] [M2] [guard] no work — sleep 30s
[18:28:39] [M2] --- iter 63 (31.3 min left) ---
[18:28:39] [M2] [B] skipping (31.3 min < 70)
[18:28:39] [M2] [guard] no work — sleep 30s
[18:29:09] [M2] --- iter 64 (30.8 min left) ---
[18:29:09] [M2] [B] skipping (30.8 min < 70)
[18:29:09] [M2] [guard] no work — sleep 30s
[18:29:39] [M2] --- iter 65 (30.3 min left) ---
[18:29:39] [M2] [B] skipping (30.3 min < 70)
[18:29:39] [M2] [guard] no work — sleep 30s
[18:30:09] [M2] --- iter 66 (29.8 min left) ---
[18:30:09] [M2] [B] skipping (29.8 min < 70)
[18:30:09] [M2] [guard] no work — sleep 30s
[18:30:39] [M2] --- iter 67 (29.3 min left) ---
[18:30:39] [M2] [B] skipping (29.3 min < 70)
[18:30:39] [M2] [guard] no work — sleep 30s
[18:31:09] [M2] --- iter 68 (28.8 min left) ---
[18:31:09] [M2] [B] skipping (28.8 min < 70)
[18:31:09] [M2] [guard] no work — sleep 30s
[18:31:39] [M2] --- iter 69 (28.3 min left) ---
[18:31:39] [M2] [B] skipping (28.3 min < 70)
[18:31:39] [M2] [guard] no work — sleep 30s
[18:32:09] [M2] --- iter 70 (27.8 min left) ---
[18:32:09] [M2] [B] skipping (27.8 min < 70)
[18:32:09] [M2] [guard] no work — sleep 30s
[18:32:39] [M2] --- iter 71 (27.3 min left) ---
[18:32:39] [M2] [B] skipping (27.3 min < 70)
[18:32:39] [M2] [guard] no work — sleep 30s
[18:33:10] [M2] --- iter 72 (26.8 min left) ---
[18:33:10] [M2] [B] skipping (26.8 min < 70)
[18:33:10] [M2] [guard] no work — sleep 30s
[18:33:40] [M2] --- iter 73 (26.3 min left) ---
[18:33:40] [M2] [B] skipping (26.3 min < 70)
[18:33:40] [M2] [guard] no work — sleep 30s
[18:34:10] [M2] --- iter 74 (25.8 min left) ---
[18:34:10] [M2] [B] skipping (25.8 min < 70)
[18:34:10] [M2] [guard] no work — sleep 30s
[18:34:40] [M2] --- iter 75 (25.3 min left) ---
[18:34:40] [M2] [B] skipping (25.3 min < 70)
[18:34:40] [M2] [guard] no work — sleep 30s
[18:35:10] [M2] --- iter 76 (24.8 min left) ---
[18:35:10] [M2] [B] skipping (24.8 min < 70)
[18:35:10] [M2] [guard] no work — sleep 30s
[18:35:40] [M2] --- iter 77 (24.3 min left) ---
[18:35:40] [M2] [B] skipping (24.3 min < 70)
[18:35:40] [M2] [guard] no work — sleep 30s
[18:36:10] [M2] --- iter 78 (23.8 min left) ---
[18:36:10] [M2] [B] skipping (23.8 min < 70)
[18:36:10] [M2] [guard] no work — sleep 30s
[18:36:40] [M2] --- iter 79 (23.3 min left) ---
[18:36:40] [M2] [B] skipping (23.3 min < 70)
[18:36:40] [M2] [guard] no work — sleep 30s
[18:37:10] [M2] --- iter 80 (22.8 min left) ---
[18:37:10] [M2] [B] skipping (22.8 min < 70)
[18:37:10] [M2] [guard] no work — sleep 30s
[18:37:40] [M2] --- iter 81 (22.3 min left) ---
[18:37:40] [M2] [B] skipping (22.3 min < 70)
[18:37:40] [M2] [guard] no work — sleep 30s
[18:38:10] [M2] --- iter 82 (21.8 min left) ---
[18:38:10] [M2] [B] skipping (21.8 min < 70)
[18:38:10] [M2] [guard] no work — sleep 30s
[18:38:40] [M2] --- iter 83 (21.3 min left) ---
[18:38:40] [M2] [B] skipping (21.3 min < 70)
[18:38:40] [M2] [guard] no work — sleep 30s
[18:39:10] [M2] --- iter 84 (20.8 min left) ---
[18:39:10] [M2] [B] skipping (20.8 min < 70)
[18:39:10] [M2] [guard] no work — sleep 30s
[18:39:40] [M2] --- iter 85 (20.3 min left) ---
[18:39:40] [M2] [B] skipping (20.3 min < 70)
[18:39:40] [M2] [guard] no work — sleep 30s
[18:40:10] [M2] --- iter 86 (19.8 min left) ---
[18:40:10] [M2] [B] skipping (19.8 min < 70)
[18:40:10] [M2] [guard] no work — sleep 30s
[18:40:40] [M2] --- iter 87 (19.3 min left) ---
[18:40:40] [M2] [B] skipping (19.3 min < 70)
[18:40:40] [M2] [guard] no work — sleep 30s
[18:41:10] [M2] --- iter 88 (18.8 min left) ---
[18:41:10] [M2] [B] skipping (18.8 min < 70)
[18:41:10] [M2] [guard] no work — sleep 30s
[18:41:40] [M2] --- iter 89 (18.3 min left) ---
[18:41:40] [M2] [B] skipping (18.3 min < 70)
[18:41:40] [M2] [guard] no work — sleep 30s
[18:42:10] [M2] --- iter 90 (17.8 min left) ---
[18:42:10] [M2] [B] skipping (17.8 min < 70)
[18:42:10] [M2] [guard] no work — sleep 30s
[18:42:40] [M2] --- iter 91 (17.3 min left) ---
[18:42:40] [M2] [B] skipping (17.3 min < 70)
[18:42:40] [M2] [guard] no work — sleep 30s
[18:43:10] [M2] --- iter 92 (16.8 min left) ---
[18:43:10] [M2] [B] skipping (16.8 min < 70)
[18:43:10] [M2] [guard] no work — sleep 30s
[18:43:40] [M2] --- iter 93 (16.3 min left) ---
[18:43:40] [M2] [B] skipping (16.3 min < 70)
[18:43:40] [M2] [guard] no work — sleep 30s
[18:44:10] [M2] --- iter 94 (15.8 min left) ---
[18:44:10] [M2] [B] skipping (15.8 min < 70)
[18:44:10] [M2] [guard] no work — sleep 30s
[18:44:40] [M2] --- iter 95 (15.3 min left) ---
[18:44:40] [M2] [B] skipping (15.3 min < 70)
[18:44:40] [M2] [guard] no work — sleep 30s
[18:45:10] [M2] --- iter 96 (14.8 min left) ---
[18:45:10] [M2] [B] skipping (14.8 min < 70)
[18:45:10] [M2] [guard] no work — sleep 30s
[18:45:40] [M2] --- iter 97 (14.3 min left) ---
[18:45:40] [M2] [B] skipping (14.3 min < 70)
[18:45:40] [M2] [guard] no work — sleep 30s
[18:46:10] [M2] --- iter 98 (13.8 min left) ---
[18:46:10] [M2] [B] skipping (13.8 min < 70)
[18:46:10] [M2] [guard] no work — sleep 30s
[18:46:40] [M2] --- iter 99 (13.3 min left) ---
[18:46:40] [M2] [B] skipping (13.3 min < 70)
[18:46:40] [M2] [guard] no work — sleep 30s
[18:47:10] [M2] --- iter 100 (12.8 min left) ---
[18:47:10] [M2] [B] skipping (12.8 min < 70)
[18:47:10] [M2] [guard] no work — sleep 30s
[18:47:40] [M2] --- iter 101 (12.3 min left) ---
[18:47:40] [M2] [B] skipping (12.3 min < 70)
[18:47:40] [M2] [guard] no work — sleep 30s
[18:48:10] [M2] --- iter 102 (11.8 min left) ---
[18:48:10] [M2] [B] skipping (11.8 min < 70)
[18:48:10] [M2] [guard] no work — sleep 30s
[18:48:40] [M2] --- iter 103 (11.3 min left) ---
[18:48:40] [M2] [B] skipping (11.3 min < 70)
[18:48:40] [M2] [guard] no work — sleep 30s
[18:49:10] [M2] --- iter 104 (10.8 min left) ---
[18:49:10] [M2] [B] skipping (10.8 min < 70)
[18:49:10] [M2] [guard] no work — sleep 30s
[18:49:40] [M2] --- iter 105 (10.3 min left) ---
[18:49:40] [M2] [B] skipping (10.3 min < 70)
[18:49:40] [M2] [guard] no work — sleep 30s
[18:50:10] [M2] --- iter 106 (9.8 min left) ---
[18:50:10] [M2] [B] skipping (9.8 min < 70)
[18:50:10] [M2] [guard] no work — sleep 30s
[18:50:40] [M2] --- iter 107 (9.3 min left) ---
[18:50:40] [M2] [B] skipping (9.3 min < 70)
[18:50:40] [M2] [guard] no work — sleep 30s
[18:51:10] [M2] --- iter 108 (8.8 min left) ---
[18:51:10] [M2] [B] skipping (8.8 min < 70)
[18:51:10] [M2] [guard] no work — sleep 30s
[18:51:40] [M2] --- iter 109 (8.3 min left) ---
[18:51:40] [M2] [B] skipping (8.3 min < 70)
[18:51:40] [M2] [guard] no work — sleep 30s
[18:52:10] [M2] --- iter 110 (7.8 min left) ---
[18:52:10] [M2] [B] skipping (7.8 min < 70)
[18:52:10] [M2] [guard] no work — sleep 30s
[18:52:40] [M2] --- iter 111 (7.3 min left) ---
[18:52:40] [M2] [B] skipping (7.3 min < 70)
[18:52:40] [M2] [guard] no work — sleep 30s
[18:53:10] [M2] --- iter 112 (6.8 min left) ---
[18:53:10] [M2] [B] skipping (6.8 min < 70)
[18:53:10] [M2] [guard] no work — sleep 30s
[18:53:40] [M2] --- iter 113 (6.3 min left) ---
[18:53:40] [M2] [B] skipping (6.3 min < 70)
[18:53:40] [M2] [guard] no work — sleep 30s
[18:54:10] [M2] --- iter 114 (5.8 min left) ---
[18:54:10] [M2] [B] skipping (5.8 min < 70)
[18:54:10] [M2] [guard] no work — sleep 30s
[18:54:40] [M2] --- iter 115 (5.3 min left) ---
[18:54:40] [M2] [B] skipping (5.3 min < 70)
[18:54:40] [M2] [guard] no work — sleep 30s
[18:55:10] [M2] --- iter 116 (4.8 min left) ---
[18:55:10] [M2] [B] skipping (4.8 min < 70)
[18:55:10] [M2] [guard] no work — sleep 30s
[18:55:40] [M2] --- iter 117 (4.3 min left) ---
[18:55:40] [M2] [B] skipping (4.3 min < 70)
[18:55:40] [M2] [guard] no work — sleep 30s
[18:56:10] [M2] --- iter 118 (3.8 min left) ---
[18:56:10] [M2] [B] skipping (3.8 min < 70)
[18:56:10] [M2] [guard] no work — sleep 30s
[18:56:40] [M2] --- iter 119 (3.3 min left) ---
[18:56:40] [M2] [B] skipping (3.3 min < 70)
[18:56:40] [M2] [guard] no work — sleep 30s
[18:57:10] [M2] --- iter 120 (2.8 min left) ---
[18:57:10] [M2] [B] skipping (2.8 min < 70)
[18:57:10] [M2] [guard] no work — sleep 30s
[18:57:40] [M2] --- iter 121 (2.3 min left) ---
[18:57:40] [M2] [B] skipping (2.3 min < 70)
[18:57:40] [M2] [guard] no work — sleep 30s
[18:58:10] [M2] --- iter 122 (1.8 min left) ---
[18:58:10] [M2] [B] skipping (1.8 min < 70)
[18:58:10] [M2] [guard] no work — sleep 30s
[18:58:40] [M2] --- iter 123 (1.3 min left) ---
[18:58:40] [M2] [B] skipping (1.3 min < 70)
[18:58:40] [M2] [guard] no work — sleep 30s
[18:59:10] [M2] === deadline reached ===
[18:59:10] [M2]      iterations: 123
[18:59:10] [M2]      best Phase A: 0.00% (None, iter 0)
[18:59:10] [M2]      best Phase B reward: 6.572     (iter 7, HP=h3_deepfocus)
[18:59:10] [M2]      per-HP bests:
[18:59:10] [M2]        h1_baseline: 6.236 (iter 1, seed 7000)
[18:59:10] [M2]        h2_bigexplore: 6.263 (iter 6, seed 7005)
[18:59:10] [M2]        h3_deepfocus: 6.572 (iter 7, seed 7006)
[18:59:10] [M2]        h4_bigwide: 5.252 (iter 4, seed 7003)
